// Jest Snapshot v1, https://goo.gl/fbAQLP

exports[`SimpleComponent should match snapshot 1`] = `"<h1>Snapshot Testing</h1>"`;
